[2026-09-21T17:35:29.203+0000] {manager.py:487} INFO - Processing files using up to 2 processes at a time 
[2026-09-21T17:35:29.204+0000] {manager.py:488} INFO - Process each file at most once every 30 seconds
[2026-09-21T17:35:29.204+0000] {manager.py:489} INFO - Checking for new files in /opt/airflow/dags every 300 seconds
[2026-09-21T17:35:29.204+0000] {manager.py:755} INFO - Searching for files in /opt/airflow/dags
[2026-09-21T17:35:29.214+0000] {manager.py:758} INFO - There are 1 files in /opt/airflow/dags
[2026-09-21T17:35:29.331+0000] {manager.py:887} INFO - 
================================================================================
DAG File Processing Stats

File Path                                          PID  Runtime      # DAGs    # Errors  Last Runtime    Last Run
-----------------------------------------------  -----  ---------  --------  ----------  --------------  ----------
/opt/airflow/dags/employee_delivery_pipeline.py    169  0.04s             0           0
================================================================================
[2026-09-21T17:35:59.505+0000] {manager.py:887} INFO - 
================================================================================
DAG File Processing Stats

File Path                                        PID    Runtime      # DAGs    # Errors  Last Runtime    Last Run
-----------------------------------------------  -----  ---------  --------  ----------  --------------  -------------------
/opt/airflow/dags/employee_delivery_pipeline.py                           1           0  0.48s           2026-09-21T17:35:29
================================================================================
[2026-09-21T17:36:30.162+0000] {manager.py:887} INFO - 
================================================================================
DAG File Processing Stats

File Path                                          PID  Runtime      # DAGs    # Errors  Last Runtime    Last Run
-----------------------------------------------  -----  ---------  --------  ----------  --------------  -------------------
/opt/airflow/dags/employee_delivery_pipeline.py    179  0.00s             1           0  0.15s           2026-09-21T17:36:00
================================================================================
[2026-09-21T17:37:00.299+0000] {manager.py:887} INFO - 
================================================================================
DAG File Processing Stats

File Path                                          PID  Runtime      # DAGs    # Errors  Last Runtime    Last Run
-----------------------------------------------  -----  ---------  --------  ----------  --------------  -------------------
/opt/airflow/dags/employee_delivery_pipeline.py    184  0.00s             1           0  0.08s           2026-09-21T17:36:30
================================================================================
[2026-09-21T17:37:30.541+0000] {manager.py:887} INFO - 
================================================================================
DAG File Processing Stats

File Path                                          PID  Runtime      # DAGs    # Errors  Last Runtime    Last Run
-----------------------------------------------  -----  ---------  --------  ----------  --------------  -------------------
/opt/airflow/dags/employee_delivery_pipeline.py    189  0.01s             1           0  0.20s           2026-09-21T17:37:00
================================================================================
[2026-09-21T17:38:00.892+0000] {manager.py:887} INFO - 
================================================================================
DAG File Processing Stats

File Path                                          PID  Runtime      # DAGs    # Errors  Last Runtime    Last Run
-----------------------------------------------  -----  ---------  --------  ----------  --------------  -------------------
/opt/airflow/dags/employee_delivery_pipeline.py    194  0.01s             1           0  0.13s           2026-09-21T17:37:30
================================================================================
[2026-09-21T17:38:31.161+0000] {manager.py:887} INFO - 
================================================================================
DAG File Processing Stats

File Path                                          PID  Runtime      # DAGs    # Errors  Last Runtime    Last Run
-----------------------------------------------  -----  ---------  --------  ----------  --------------  -------------------
/opt/airflow/dags/employee_delivery_pipeline.py    199  0.02s             1           0  0.14s           2026-09-21T17:38:01
================================================================================
[2026-09-21T17:39:01.418+0000] {manager.py:887} INFO - 
================================================================================
DAG File Processing Stats

File Path                                          PID  Runtime      # DAGs    # Errors  Last Runtime    Last Run
-----------------------------------------------  -----  ---------  --------  ----------  --------------  -------------------
/opt/airflow/dags/employee_delivery_pipeline.py    204  0.02s             1           0  0.12s           2026-09-21T17:38:31
================================================================================
[2026-09-21T17:39:31.669+0000] {manager.py:887} INFO - 
================================================================================
DAG File Processing Stats

File Path                                          PID  Runtime      # DAGs    # Errors  Last Runtime    Last Run
-----------------------------------------------  -----  ---------  --------  ----------  --------------  -------------------
/opt/airflow/dags/employee_delivery_pipeline.py    209  0.01s             1           0  0.10s           2026-09-21T17:39:01
================================================================================
[2026-09-21T17:40:01.868+0000] {manager.py:887} INFO - 
================================================================================
DAG File Processing Stats

File Path                                          PID  Runtime      # DAGs    # Errors  Last Runtime    Last Run
-----------------------------------------------  -----  ---------  --------  ----------  --------------  -------------------
/opt/airflow/dags/employee_delivery_pipeline.py    221  0.00s             1           0  0.08s           2026-09-21T17:39:31
================================================================================
[2026-09-21T17:40:30.074+0000] {manager.py:755} INFO - Searching for files in /opt/airflow/dags
[2026-09-21T17:40:30.079+0000] {manager.py:758} INFO - There are 1 files in /opt/airflow/dags
[2026-09-21T17:40:32.110+0000] {manager.py:887} INFO - 
================================================================================
DAG File Processing Stats

File Path                                          PID  Runtime      # DAGs    # Errors  Last Runtime    Last Run
-----------------------------------------------  -----  ---------  --------  ----------  --------------  -------------------
/opt/airflow/dags/employee_delivery_pipeline.py    248  0.01s             1           0  0.10s           2026-09-21T17:40:01
================================================================================
[2026-09-21T17:41:02.334+0000] {manager.py:887} INFO - 
================================================================================
DAG File Processing Stats

File Path                                          PID  Runtime      # DAGs    # Errors  Last Runtime    Last Run
-----------------------------------------------  -----  ---------  --------  ----------  --------------  -------------------
/opt/airflow/dags/employee_delivery_pipeline.py    253  0.02s             1           0  0.08s           2026-09-21T17:40:32
================================================================================
[2026-09-21T17:41:32.598+0000] {manager.py:887} INFO - 
================================================================================
DAG File Processing Stats

File Path                                          PID  Runtime      # DAGs    # Errors  Last Runtime    Last Run
-----------------------------------------------  -----  ---------  --------  ----------  --------------  -------------------
/opt/airflow/dags/employee_delivery_pipeline.py    261  0.02s             1           0  0.08s           2026-09-21T17:41:02
================================================================================
[2026-09-21T17:42:02.724+0000] {manager.py:887} INFO - 
================================================================================
DAG File Processing Stats

File Path                                          PID  Runtime      # DAGs    # Errors  Last Runtime    Last Run
-----------------------------------------------  -----  ---------  --------  ----------  --------------  -------------------
/opt/airflow/dags/employee_delivery_pipeline.py    266  0.03s             1           0  0.09s           2026-09-21T17:41:32
================================================================================
[2026-09-21T17:42:32.957+0000] {manager.py:887} INFO - 
================================================================================
DAG File Processing Stats

File Path                                          PID  Runtime      # DAGs    # Errors  Last Runtime    Last Run
-----------------------------------------------  -----  ---------  --------  ----------  --------------  -------------------
/opt/airflow/dags/employee_delivery_pipeline.py    271  0.01s             1           0  0.11s           2026-09-21T17:42:02
================================================================================
[2026-09-21T17:43:03.183+0000] {manager.py:887} INFO - 
================================================================================
DAG File Processing Stats

File Path                                          PID  Runtime      # DAGs    # Errors  Last Runtime    Last Run
-----------------------------------------------  -----  ---------  --------  ----------  --------------  -------------------
/opt/airflow/dags/employee_delivery_pipeline.py    276  0.01s             1           0  0.08s           2026-09-21T17:42:33
================================================================================
[2026-09-21T17:43:33.405+0000] {manager.py:887} INFO - 
================================================================================
DAG File Processing Stats

File Path                                          PID  Runtime      # DAGs    # Errors  Last Runtime    Last Run
-----------------------------------------------  -----  ---------  --------  ----------  --------------  -------------------
/opt/airflow/dags/employee_delivery_pipeline.py    281  0.01s             1           0  0.07s           2026-09-21T17:43:03
================================================================================
[2026-09-21T17:44:03.624+0000] {manager.py:887} INFO - 
================================================================================
DAG File Processing Stats

File Path                                          PID  Runtime      # DAGs    # Errors  Last Runtime    Last Run
-----------------------------------------------  -----  ---------  --------  ----------  --------------  -------------------
/opt/airflow/dags/employee_delivery_pipeline.py    286  0.01s             1           0  0.09s           2026-09-21T17:43:33
================================================================================
[2026-09-21T17:44:33.831+0000] {manager.py:887} INFO - 
================================================================================
DAG File Processing Stats

File Path                                          PID  Runtime      # DAGs    # Errors  Last Runtime    Last Run
-----------------------------------------------  -----  ---------  --------  ----------  --------------  -------------------
/opt/airflow/dags/employee_delivery_pipeline.py    291  0.01s             1           0  0.08s           2026-09-21T17:44:03
================================================================================
[2026-09-21T17:45:04.016+0000] {manager.py:887} INFO - 
================================================================================
DAG File Processing Stats

File Path                                          PID  Runtime      # DAGs    # Errors  Last Runtime    Last Run
-----------------------------------------------  -----  ---------  --------  ----------  --------------  -------------------
/opt/airflow/dags/employee_delivery_pipeline.py    297  0.00s             1           0  0.10s           2026-09-21T17:44:33
================================================================================
