[2026-09-21T17:40:16.098+0000] {taskinstance.py:1159} INFO - Dependencies all met for dep_context=non-requeueable deps ti=<TaskInstance: employee_delivery_pipeline.ingest.generate_synthetic_data manual__2026-09-21T17:40:14+00:00 [queued]>
[2026-09-21T17:40:16.101+0000] {taskinstance.py:1159} INFO - Dependencies all met for dep_context=requeueable deps ti=<TaskInstance: employee_delivery_pipeline.ingest.generate_synthetic_data manual__2026-09-21T17:40:14+00:00 [queued]>
[2026-09-21T17:40:16.102+0000] {taskinstance.py:1361} INFO - Starting attempt 1 of 2
[2026-09-21T17:40:16.107+0000] {taskinstance.py:1382} INFO - Executing <Task(BashOperator): ingest.generate_synthetic_data> on 2026-09-21 17:40:14+00:00
[2026-09-21T17:40:16.109+0000] {standard_task_runner.py:57} INFO - Started process 246 to run task
[2026-09-21T17:40:16.112+0000] {standard_task_runner.py:84} INFO - Running: ['***', 'tasks', 'run', 'employee_delivery_pipeline', 'ingest.generate_synthetic_data', 'manual__2026-09-21T17:40:14+00:00', '--job-id', '3', '--raw', '--subdir', 'DAGS_FOLDER/employee_delivery_pipeline.py', '--cfg-path', '/tmp/tmp6n_4da74']
[2026-09-21T17:40:16.115+0000] {standard_task_runner.py:85} INFO - Job 3: Subtask ingest.generate_synthetic_data
[2026-09-21T17:40:16.136+0000] {task_command.py:416} INFO - Running <TaskInstance: employee_delivery_pipeline.ingest.generate_synthetic_data manual__2026-09-21T17:40:14+00:00 [running]> on host db30ccefdb66
[2026-09-21T17:40:16.162+0000] {taskinstance.py:1662} INFO - Exporting env vars: AIRFLOW_CTX_DAG_OWNER='data_platform_team' AIRFLOW_CTX_DAG_ID='employee_delivery_pipeline' AIRFLOW_CTX_TASK_ID='ingest.generate_synthetic_data' AIRFLOW_CTX_EXECUTION_DATE='2026-09-21T17:40:14+00:00' AIRFLOW_CTX_TRY_NUMBER='1' AIRFLOW_CTX_DAG_RUN_ID='manual__2026-09-21T17:40:14+00:00'
[2026-09-21T17:40:16.163+0000] {subprocess.py:63} INFO - Tmp dir root location: /tmp
[2026-09-21T17:40:16.163+0000] {subprocess.py:75} INFO - Running command: ['/bin/bash', '-c', 'python3 /opt/***/src/../generators/generate_all.py --output /opt/***/src']
[2026-09-21T17:40:16.166+0000] {subprocess.py:86} INFO - Output:
[2026-09-21T17:40:16.208+0000] {subprocess.py:93} INFO - python3: can't open file '/opt/***/src/../generators/generate_all.py': [Errno 2] No such file or directory
[2026-09-21T17:40:16.209+0000] {subprocess.py:97} INFO - Command exited with return code 2
[2026-09-21T17:40:16.217+0000] {taskinstance.py:1937} ERROR - Task failed with exception
Traceback (most recent call last):
  File "/home/airflow/.local/lib/python3.8/site-packages/airflow/operators/bash.py", line 210, in execute
    raise AirflowException(
airflow.exceptions.AirflowException: Bash command failed. The command returned a non-zero exit code 2.
[2026-09-21T17:40:16.219+0000] {taskinstance.py:1400} INFO - Marking task as UP_FOR_RETRY. dag_id=employee_delivery_pipeline, task_id=ingest.generate_synthetic_data, execution_date=20260921T174014, start_date=20260921T174016, end_date=20260921T174016
[2026-09-21T17:40:16.225+0000] {standard_task_runner.py:104} ERROR - Failed to execute job 3 for task ingest.generate_synthetic_data (Bash command failed. The command returned a non-zero exit code 2.; 246)
[2026-09-21T17:40:16.250+0000] {local_task_job_runner.py:228} INFO - Task exited with return code 1
[2026-09-21T17:40:16.264+0000] {taskinstance.py:2778} INFO - 0 downstream tasks scheduled from follow-on schedule check
