[2026-09-21T17:41:04.963+0000] {taskinstance.py:1159} INFO - Dependencies all met for dep_context=non-requeueable deps ti=<TaskInstance: employee_delivery_pipeline.ingest.generate_synthetic_data manual__2026-09-21T17:41:03.597599+00:00 [queued]>
[2026-09-21T17:41:04.966+0000] {taskinstance.py:1159} INFO - Dependencies all met for dep_context=requeueable deps ti=<TaskInstance: employee_delivery_pipeline.ingest.generate_synthetic_data manual__2026-09-21T17:41:03.597599+00:00 [queued]>
[2026-09-21T17:41:04.967+0000] {taskinstance.py:1361} INFO - Starting attempt 1 of 2
[2026-09-21T17:41:04.972+0000] {taskinstance.py:1382} INFO - Executing <Task(BashOperator): ingest.generate_synthetic_data> on 2026-09-21 17:41:03.597599+00:00
[2026-09-21T17:41:04.974+0000] {standard_task_runner.py:57} INFO - Started process 259 to run task
[2026-09-21T17:41:04.976+0000] {standard_task_runner.py:84} INFO - Running: ['***', 'tasks', 'run', 'employee_delivery_pipeline', 'ingest.generate_synthetic_data', 'manual__2026-09-21T17:41:03.597599+00:00', '--job-id', '4', '--raw', '--subdir', 'DAGS_FOLDER/employee_delivery_pipeline.py', '--cfg-path', '/tmp/tmp9xmh6zjt']
[2026-09-21T17:41:04.977+0000] {standard_task_runner.py:85} INFO - Job 4: Subtask ingest.generate_synthetic_data
[2026-09-21T17:41:04.993+0000] {task_command.py:416} INFO - Running <TaskInstance: employee_delivery_pipeline.ingest.generate_synthetic_data manual__2026-09-21T17:41:03.597599+00:00 [running]> on host db30ccefdb66
[2026-09-21T17:41:05.021+0000] {taskinstance.py:1662} INFO - Exporting env vars: AIRFLOW_CTX_DAG_OWNER='data_platform_team' AIRFLOW_CTX_DAG_ID='employee_delivery_pipeline' AIRFLOW_CTX_TASK_ID='ingest.generate_synthetic_data' AIRFLOW_CTX_EXECUTION_DATE='2026-09-21T17:41:03.597599+00:00' AIRFLOW_CTX_TRY_NUMBER='1' AIRFLOW_CTX_DAG_RUN_ID='manual__2026-09-21T17:41:03.597599+00:00'
[2026-09-21T17:41:05.022+0000] {subprocess.py:63} INFO - Tmp dir root location: /tmp
[2026-09-21T17:41:05.022+0000] {subprocess.py:75} INFO - Running command: ['/bin/bash', '-c', 'python3 /opt/***/src/../generators/generate_all.py --output /opt/***/src']
[2026-09-21T17:41:05.028+0000] {subprocess.py:86} INFO - Output:
[2026-09-21T17:41:05.075+0000] {subprocess.py:93} INFO - python3: can't open file '/opt/***/src/../generators/generate_all.py': [Errno 2] No such file or directory
[2026-09-21T17:41:05.077+0000] {subprocess.py:97} INFO - Command exited with return code 2
[2026-09-21T17:41:05.081+0000] {taskinstance.py:1937} ERROR - Task failed with exception
Traceback (most recent call last):
  File "/home/airflow/.local/lib/python3.8/site-packages/airflow/operators/bash.py", line 210, in execute
    raise AirflowException(
airflow.exceptions.AirflowException: Bash command failed. The command returned a non-zero exit code 2.
[2026-09-21T17:41:05.082+0000] {taskinstance.py:1400} INFO - Marking task as UP_FOR_RETRY. dag_id=employee_delivery_pipeline, task_id=ingest.generate_synthetic_data, execution_date=20260921T174103, start_date=20260921T174104, end_date=20260921T174105
[2026-09-21T17:41:05.097+0000] {standard_task_runner.py:104} ERROR - Failed to execute job 4 for task ingest.generate_synthetic_data (Bash command failed. The command returned a non-zero exit code 2.; 259)
[2026-09-21T17:41:05.114+0000] {local_task_job_runner.py:228} INFO - Task exited with return code 1
[2026-09-21T17:41:05.127+0000] {taskinstance.py:2778} INFO - 0 downstream tasks scheduled from follow-on schedule check
